// Jest Snapshot v1, https://goo.gl/fbAQLP

exports[`language.feature - gherkin-verify: language.feature 1`] = `
#language:en

Feature: Explicit language specification

  Scenario: minimalistic
    Given the minimalism
`;
