// Jest Snapshot v1, https://goo.gl/fbAQLP

exports[`example_tokens_everywhere.feature - gherkin-verify: example_tokens_everywhere.feature 1`] = `
Feature: Example tokens everywhere

  Scenario Outline: the <one>
    Given the <two>:
      """
      <three>
      """

    Given the <four>:
      | <five> |

    Examples:
      | one | two  | three | four   | five  |
      | un  | deux | trois | quatre | cinq  |
      | uno | dos  | tres  | quatro | cinco |
`;
