// Jest Snapshot v1, https://goo.gl/fbAQLP

exports[`background.feature - gherkin-verify: background.feature 1`] = `
Feature: Background

  Background: a simple background
    Given the minimalism inside a background

  Scenario: minimalistic
    Given the minimalism

  Scenario: also minimalistic
    Given the minimalism
`;
