// Jest Snapshot v1, https://goo.gl/fbAQLP

exports[`empty.feature - gherkin-verify: empty.feature 1`] = `
`;
