// Jest Snapshot v1, https://goo.gl/fbAQLP

exports[`example_token_multiple.feature - gherkin-verify: example_token_multiple.feature 1`] = `
Feature: Example token used multiple times

  Scenario Outline: Token used twice in a single step
    Given <what> <what>

    Examples:
      | what  |
      | usage |
`;
