// Jest Snapshot v1, https://goo.gl/fbAQLP

exports[`incomplete_background_2.feature - gherkin-verify: incomplete_background_2.feature 1`] = `
Feature: Incomplete backgrounds, Part 2

  Background: just a description
    A short description

  Scenario: still pickles up
    * a step
`;
