// Jest Snapshot v1, https://goo.gl/fbAQLP

exports[`incomplete_feature_3.feature - gherkin-verify: incomplete_feature_3.feature 1`] = `
# Just a comment
`;
