// Jest Snapshot v1, https://goo.gl/fbAQLP

exports[`readme_example.feature - gherkin-verify: readme_example.feature 1`] = `
@a
Feature:
  @b @c
  Scenario Outline:
    Given <x>

    Examples:
      | x |
      | y |

  @d @e
  Scenario Outline:
    Given <m>

    @f
    Examples:
      | m |
      | n |
`;
