// Jest Snapshot v1, https://goo.gl/fbAQLP

exports[`scenario_outline.feature - gherkin-verify: scenario_outline.feature 1`] = `
Feature: Minimal Scenario Outline

  Scenario: minimalistic
    Given the <what>

    Examples:
      | what       |
      | minimalism |
`;
