// Jest Snapshot v1, https://goo.gl/fbAQLP

exports[`minimal.feature - gherkin-verify: minimal.feature 1`] = `
Feature: Minimal

  Scenario: minimalistic
    Given the minimalism
`;
