// Jest Snapshot v1, https://goo.gl/fbAQLP

exports[`incomplete_feature_2.feature - gherkin-verify: incomplete_feature_2.feature 1`] = `
Feature: Empty feature
`;
